// Jest Snapshot v1, https://goo.gl/fbAQLP

exports[`includes the options given to it 1`] = `
<select
  onChange={[Function]}
  value={undefined}
>
  <option
    value="apple"
  >
    apple
  </option>
  <option
    value="peppermint"
  >
    peppermint
  </option>
  <option
    value="banana"
  >
    banana
  </option>
  <option
    value="cinnamon"
  >
    cinnamon
  </option>
  <option
    value="cherry"
  >
    cherry
  </option>
</select>
`;

exports[`uses the passed in value if present 1`] = `
<select
  onChange={[Function]}
  value="b"
>
  <option
    value="a"
  >
    a
  </option>
  <option
    value="p"
  >
    p
  </option>
  <option
    value="b"
  >
    b
  </option>
  <option
    value="c"
  >
    c
  </option>
</select>
`;
